/Users/brendanwells/work/mozaic-daily/.venv/lib/python3.10/site-packages/google/api_core/_python_version_support.py:266: FutureWarning: You are using a Python version (3.10.19) which Google will stop supporting in new releases of google.api_core once it reaches its end of life (2026-10-04). Please upgrade to the latest Python version, or at least Python 3.11, to continue receiving updates for google.api_core past that date.
  warnings.warn(message, FutureWarning)
/Users/brendanwells/work/mozaic-daily/.venv/lib/python3.10/site-packages/google/api_core/_python_version_support.py:266: FutureWarning: You are using a Python version (3.10.19) which Google will stop supporting in new releases of google.cloud.bigquery_storage_v1 once it reaches its end of life (2026-10-04). Please upgrade to the latest Python version, or at least Python 3.11, to continue receiving updates for google.cloud.bigquery_storage_v1 past that date.
  warnings.warn(message, FutureWarning)
============================================================
Mobile param scan run
============================================================
Forecast start date : 2026-09-09
Slug                : cps0.035_thresh055_recent13_cpr0.725_ncp25_clip0.6_sps0.1
Output dir          : data-official/2026-09/mobile_cpr0725_paid0910low_2026-09-09/cps0.035_thresh055_recent13_cpr0.725_ncp25_clip0.6_sps0.1
Raw cache dir       : data-official/2026-09/mobile_rawpull_2026-09-09
Paid adjustment     : p (paid_organic_split)
Spec                : /Users/brendanwells/work/mozaic-daily/data-official/2026-09/organic/organic.json
Config              : {
  "prophet_recent_weeks": 13,
  "prophet_changepoint_range": 0.725,
  "prophet_n_changepoints": 25,
  "holiday_threshold": -0.055,
  "holiday_max_radius": 5,
  "holiday_min_radius": 3,
  "holiday_effect_floor": -0.6,
  "seasonality_regime": "auto",
  "seasonality_corr_threshold": 0.0,
  "prophet_changepoint_prior_scale": 0.035,
  "prophet_seasonality_prior_scale": 0.1
}
Wrote data-official/2026-09/mobile_cpr0725_paid0910low_2026-09-09/cps0.035_thresh055_recent13_cpr0.725_ncp25_clip0.6_sps0.1/parameters.json
Symlinked raw cache files: ['mozaic_parts.raw.glean.mobile.DAU.parquet']

============================================================
FILTERED MODE ENABLED
  Data sources: glean_mobile
  Metrics: DAU
============================================================

Running forecast from 2026-09-09 through 2027-12-31
Other config:
{'forecast_run_dt': datetime.datetime(2026, 9, 10, 16, 26, 18, 399944), 'forecast_start_date': '2026-09-09', 'forecast_end_date': '2027-12-31', 'training_end_date': '2026-09-08', 'countries': {'US', 'MX', 'CA', 'PL', 'BR', 'JP', 'CN', 'AR', 'FR', 'DE', 'IN', 'IR', 'IT', 'ID', 'RU'}, 'country_string': "'AR', 'BR', 'CA', 'CN', 'DE', 'FR', 'ID', 'IN', 'IR', 'IT', 'JP', 'MX', 'PL', 'RU', 'US'", 'validation_countries': {'US', 'MX', 'CA', 'PL', 'BR', 'JP', 'CN', 'AR', 'FR', 'ROW', 'DE', 'IN', 'IR', 'IT', 'ID', 'ALL', 'RU'}}
[1/1] Mobile Glean DAU exists, loading
Marketing-lift `m`: no spec found for forecast_start=2026-09-09; not applied this cycle.
Paid/organic split `p`: using spec /Users/brendanwells/work/mozaic-daily/data-official/2026-09/organic/organic.json
Overlay `e` (launch_at_login_existing_users): spec /Users/brendanwells/work/mozaic-daily/data-official/2026-09/launch_at_login_existing_users/launch_at_login_existing_users.json gates on this seam but is WITHHELD (`"withheld": true`); not applied. Remove the key to apply it.
Overlay `i` (india_excess): using spec /Users/brendanwells/work/mozaic-daily/data-official/2026-09/india_excess/india_excess.json
Overlay `j` (japan_bot): using spec /Users/brendanwells/work/mozaic-daily/data-official/2026-09/japan_bot/japan_bot.json
Overlay `l` (launch_at_login_new_users): using spec /Users/brendanwells/work/mozaic-daily/data-official/2026-09/launch_at_login_new_users/launch_at_login_new_users.json
Overlay `o` (mozillaonline_migration): using spec /Users/brendanwells/work/mozaic-daily/data-official/2026-09/mozillaonline/mozillaonline.json

[1/1] Forecasting Mobile Glean
Paid/organic split: 15 countries, 33232 fenix rows, excluding ['IR']; 1248 of 2078 training days predate the measured window (2024-06-01) and use the held-flat earliest share

--- Populate tiles


DAU

 AR: fenix_android, firefox_ios, focus_android, focus_ios, 
 BR: fenix_android, firefox_ios, focus_android, focus_ios, 
 CA: fenix_android, firefox_ios, focus_android, focus_ios, 
 CN: fenix_android, firefox_ios, focus_android, focus_ios, 
 DE: fenix_android, firefox_ios, focus_android, focus_ios, 
 FR: fenix_android, firefox_ios, focus_android, focus_ios, 
 ID: fenix_android, firefox_ios, focus_android, focus_ios, 
 IN: fenix_android, firefox_ios, focus_android, focus_ios, 
 IR: fenix_android, firefox_ios, focus_android, focus_ios, 
 IT: fenix_android, firefox_ios, focus_android, focus_ios, 
 JP: fenix_android, firefox_ios, focus_android, focus_ios, 
 MX: fenix_android, firefox_ios, focus_android, focus_ios, 
 PL: fenix_android, firefox_ios, focus_android, focus_ios, 
ROW: fenix_android, firefox_ios, focus_android, focus_ios, 
 RU: fenix_android, firefox_ios, focus_android, focus_ios, 
 US: fenix_android, firefox_ios, focus_android, focus_ios, 

--- Curate Mozaics

DAU
   countries: AR, BR, CA, CN, DE, FR, ID, IN, IR, IT, JP, MX, PL, ROW, RU, US, 
   populations: fenix_android, firefox_ios, focus_android, focus_ios, 
   reconciling...

⚠️ New holidays in forecasted dates:
 - JP National Holiday

done.

--- Extracting forecasts (1 metrics)
  [1/1] DAU
Paid/organic split: added back across 191019 rows (40715 forecast + 150304 training/actual); marketing paid read as level
  seam step at 2026-09-08: measured 28d mean 1,611,344 -> marketing 1,657,117 = +45,773 (+2.84% of paid)
Saved mozaic objects to data-official/2026-09/mobile_cpr0725_paid0910low_2026-09-09/cps0.035_thresh055_recent13_cpr0.725_ncp25_clip0.6_sps0.1/mozaic_objects.glean_mobile.2026-09-09.pkl


Done with forecasts
Renamed forecast to: data-official/2026-09/mobile_cpr0725_paid0910low_2026-09-09/cps0.035_thresh055_recent13_cpr0.725_ncp25_clip0.6_sps0.1/mozaic_daily_forecast.2026-09-09.gm-D.adj-p.parquet
Wrote sidecar meta:  data-official/2026-09/mobile_cpr0725_paid0910low_2026-09-09/cps0.035_thresh055_recent13_cpr0.725_ncp25_clip0.6_sps0.1/mozaic_daily_forecast.2026-09-09.gm-D.adj-p.parquet.meta.json

Done. Results in: data-official/2026-09/mobile_cpr0725_paid0910low_2026-09-09/cps0.035_thresh055_recent13_cpr0.725_ncp25_clip0.6_sps0.1
